Archive member included to satisfy reference by file (symbol)

/home/chipon/chiponide32_1.0.20.3_13K/chiponide32/ChipONCC32/ccd1_issue/lib/libstring.a(memcpy.o)
                              ./startup.o (memcpy)
/home/chipon/chiponide32_1.0.20.3_13K/chiponide32/ChipONCC32/ccd1_issue/lib/libstring.a(memset.o)
                              ./startup.o (memset)

@@@@@Discarded input sections

 .text          0x00000000        0x0 ./Trap_Debug_tc0.o
 .data          0x00000000        0x0 ./Trap_Debug_tc0.o
 .bss           0x00000000        0x0 ./Trap_Debug_tc0.o
 .text._Trap0_vector_0
                0x00000000       0x14 ./Trap_Debug_tc0.o
 .text._Trap0_vector_1
                0x00000000        0x2 ./Trap_Debug_tc0.o
 .text._Trap0_vector_2
                0x00000000        0x2 ./Trap_Debug_tc0.o
 .text._Trap0_vector_3
                0x00000000        0x2 ./Trap_Debug_tc0.o
 .text._Trap0_vector_4
                0x00000000        0x2 ./Trap_Debug_tc0.o
 .text._Trap0_vector_5
                0x00000000        0x2 ./Trap_Debug_tc0.o
 .text._Trap0_vector_6
                0x00000000        0x2 ./Trap_Debug_tc0.o
 .text._Trap0_vector_7
                0x00000000        0x2 ./Trap_Debug_tc0.o
 .text._Trap0_vector_8
                0x00000000        0x2 ./Trap_Debug_tc0.o
 .text._Trap0_vector_9
                0x00000000        0x2 ./Trap_Debug_tc0.o
 .text._Trap0_vector_10
                0x00000000        0x2 ./Trap_Debug_tc0.o
 .text._Trap0_vector_11
                0x00000000        0x2 ./Trap_Debug_tc0.o
 .text._Trap0_vector_12
                0x00000000        0x2 ./Trap_Debug_tc0.o
 .text._Trap0_vector_13
                0x00000000        0x2 ./Trap_Debug_tc0.o
 .text._Trap0_vector_14
                0x00000000        0x2 ./Trap_Debug_tc0.o
 .text._Trap0_vector_15
                0x00000000        0x2 ./Trap_Debug_tc0.o
 .text._Trap0_vector_16
                0x00000000        0x2 ./Trap_Debug_tc0.o
 .text._Trap0_vector_17
                0x00000000        0x2 ./Trap_Debug_tc0.o
 .text._Trap0_vector_18
                0x00000000        0x2 ./Trap_Debug_tc0.o
 .text._Trap0_vector_19
                0x00000000        0x2 ./Trap_Debug_tc0.o
 .comment       0x00000000       0x64 ./Trap_Debug_tc0.o
 .note.GNU-stack
                0x00000000        0x0 ./Trap_Debug_tc0.o
 .text          0x00000000        0x0 ./debug_rom.o
 .data          0x00000000        0x0 ./debug_rom.o
 .bss           0x00000000        0x0 ./debug_rom.o
 .eh_frame      0x00000000       0x28 ./debug_rom.o
 .text          0x00000000        0x0 ./kf_it.o
 .data          0x00000000        0x0 ./kf_it.o
 .bss           0x00000000        0x0 ./kf_it.o
 .text._NMI_exception
                0x00000000        0x2 ./kf_it.o
 .text._HardFault_exception
                0x00000000        0x2 ./kf_it.o
 .text._StackFault_exception
                0x00000000        0x2 ./kf_it.o
 .text._AriFault_exception
                0x00000000        0x2 ./kf_it.o
 .text._SVC_exception
                0x00000000        0x2 ./kf_it.o
 .text._SoftSV_exception
                0x00000000        0x2 ./kf_it.o
 .text._SysTick_exception
                0x00000000        0x2 ./kf_it.o
 .text._ECC_exception
                0x00000000        0x2 ./kf_it.o
 .comment       0x00000000       0x64 ./kf_it.o
 .note.GNU-stack
                0x00000000        0x0 ./kf_it.o
 .text          0x00000000        0x0 ./main.o
 .data          0x00000000        0x0 ./main.o
 .bss           0x00000000        0x0 ./main.o
 .comment       0x00000000       0x64 ./main.o
 .note.GNU-stack
                0x00000000        0x0 ./main.o
 .text          0x00000000        0x0 ./startup.o
 .data          0x00000000        0x0 ./startup.o
 .bss           0x00000000        0x0 ./startup.o
 .comment       0x00000000       0x64 ./startup.o
 .note.GNU-stack
                0x00000000        0x0 ./startup.o
 .data          0x00000000        0x0 ./vector.o
 .bss           0x00000000        0x0 ./vector.o
 .comment       0x00000000       0x64 ./vector.o
 .note.GNU-stack
                0x00000000        0x0 ./vector.o
 .text          0x00000000        0x0 /home/chipon/chiponide32_1.0.20.3_13K/chiponide32/ChipONCC32/ccd1_issue/lib/libstring.a(memcpy.o)
 .data          0x00000000        0x0 /home/chipon/chiponide32_1.0.20.3_13K/chiponide32/ChipONCC32/ccd1_issue/lib/libstring.a(memcpy.o)
 .bss           0x00000000        0x0 /home/chipon/chiponide32_1.0.20.3_13K/chiponide32/ChipONCC32/ccd1_issue/lib/libstring.a(memcpy.o)
 .text          0x00000000        0x0 /home/chipon/chiponide32_1.0.20.3_13K/chiponide32/ChipONCC32/ccd1_issue/lib/libstring.a(memset.o)
 .data          0x00000000        0x0 /home/chipon/chiponide32_1.0.20.3_13K/chiponide32/ChipONCC32/ccd1_issue/lib/libstring.a(memset.o)
 .bss           0x00000000        0x0 /home/chipon/chiponide32_1.0.20.3_13K/chiponide32/ChipONCC32/ccd1_issue/lib/libstring.a(memset.o)

@@@@@Memory Configuration

Name             Origin             Length             Used                 Free               Attributes
flash            0x80000000         0x00080000         0x000010c0(0.82%)    0x0007ef40
ram              0xd0000000         0x00010000         0x00000110(0.42%)    0x0000fef0
da_mem           0x0c001c00         0x00000400         0x00000400(100.00%)  0x00000000
mode_mem         0x0c001800         0x00000004         0x00000000(0.00%)    0x00000004
pro_mem          0x0c001000         0x00000004         0x00000000(0.00%)    0x00000004
ee_mem           0x7f000000         0x00001000         0x00001000(100.00%)  0x00000000
config_mem1      0x31000000         0x00000010         0x00000000(0.00%)    0x00000010
config_mem2      0x31000010         0x00000010         0x00000000(0.00%)    0x00000010
*default*        0x00000000         0xffffffff         0x00000000(0.00%)    0xffffffff

@@@@@Linker script and memory map

LOAD ./Trap_Debug_tc0.o
LOAD ./debug_rom.o
LOAD ./kf_it.o
LOAD ./main.o
LOAD ./startup.o
LOAD ./vector.o
LOAD /home/chipon/chiponide32_1.0.20.3_13K/chiponide32/ChipONCC32/ccd1_issue/lib/libIQmath-R1.a
LOAD /home/chipon/chiponide32_1.0.20.3_13K/chiponide32/ChipONCC32/ccd1_issue/lib/libSeriesDIServices.a
LOAD /home/chipon/chiponide32_1.0.20.3_13K/chiponide32/ChipONCC32/ccd1_issue/lib/libmath.a
LOAD /home/chipon/chiponide32_1.0.20.3_13K/chiponide32/ChipONCC32/ccd1_issue/lib/libio.a
LOAD /home/chipon/chiponide32_1.0.20.3_13K/chiponide32/ChipONCC32/ccd1_issue/lib/libstring.a
LOAD /home/chipon/chiponide32_1.0.20.3_13K/chiponide32/ChipONCC32/ccd1_issue/lib/libstdlib.a
LOAD /home/chipon/chiponide32_1.0.20.3_13K/chiponide32/ChipONCC32/ccd1_issue/lib/libctype.a
LOAD /home/chipon/chiponide32_1.0.20.3_13K/chiponide32/ChipONCC32/ccd1_issue/lib/libcrtv3.a

[.text]           0x80000000     0x10c0
                0x00000000                        . = 0x0
 *vector.o(.text*)
 .text          0x80000000       0x18 ./vector.o
                0x80000000                _start
                0x80000018                        . = ((. + 0x3) & 0xfffffffffffffffc)
                0x80000018                        __vec_end__ = .
                0x00000800                        . = 0x800
 *fill*         0x80000018      0x7e8 
 *(.traptab_cpu0*)
 .traptab_cpu0  0x80000800      0x142 ./Trap_Debug_tc0.o
                0x80000800                _cpu0_trap_table
                0x00000d00                        . = 0xd00
 *fill*         0x80000942      0x3be 
 *(.debugROM*)
 .debugROM.text
                0x80000d00       0x54 ./debug_rom.o
                0x80000d00                debugROM
                0x00001000                        . = 0x1000
 *fill*         0x80000d54      0x2ac 
 *(.text*)
 .text.main     0x80001000       0x1c ./main.o
                0x80001000                main
 .text.startup  0x8000101c       0x70 ./startup.o
                0x8000101c                startup
 *fill*         0x8000108c        0x4 
 .text$memcpy   0x80001090       0x12 /home/chipon/chiponide32_1.0.20.3_13K/chiponide32/ChipONCC32/ccd1_issue/lib/libstring.a(memcpy.o)
                0x80001090                memcpy
 *fill*         0x800010a2        0x6 
 .text$memset   0x800010a8       0x10 /home/chipon/chiponide32_1.0.20.3_13K/chiponide32/ChipONCC32/ccd1_issue/lib/libstring.a(memset.o)
                0x800010a8                memset
                0x800010b8                        __init_class_start = ((. + 0x3) & 0xfffffffffffffffc)
 *(.init_array*)
                0x800010b8                        __init_class_end = .
 *(.init*)
 *(.fini*)
 *(.rdata*)
 *(.rodata*)
                0x800010c0                        . = ((. + 0xf) & 0xfffffffffffffff0)
 *fill*         0x800010b8        0x8 
                0x800010c0                        __text_end__ = .

[.data]           0xd0000000      0x110
                0xd0000000                        . = ((. + 0x3) & 0xfffffffffffffffc)
                0xd0000000                        __data_start__ = .
 *(.ramvector*)
                0xd0000000                        __lpdata_start__ = ((. + 0x3) & 0xfffffffffffffffc)
 *(.lpdata*)
                0xd0000000                        __lpdata_end__ = ((. + 0x3) & 0xfffffffffffffffc)
                0xd0000000                        . = ((. + 0x3) & 0xfffffffffffffffc)
 *(.indata*)
 *(.inrdata*)
 *(.inrodata*)
                0xd0000000                        . = ((. + 0x3) & 0xfffffffffffffffc)
 *(.data*)
 .data.a        0xd0000000        0x4 ./main.o
                0xd0000000                a
                0xd0000010                        . = ((. + 0xf) & 0xfffffffffffffff0)
 *fill*         0xd0000004        0xc 
                0xd0000010                        __data_end__ = .
                0xd0000010                        . = ((. + 0x3) & 0xfffffffffffffffc)
                0xd0000010                        __bss_start__ = .
 *(COMMON*)
 *(.bss*)
                0xd0000010                        . = ((. + 0x3) & 0xfffffffffffffffc)
                0xd0000010                        __bss_end__ = .
 *(.userdata*)
                0xd0000010                        __allot_end__ = ((. + 0x3) & 0xfffffffffffffffc)
                0xd0000010                        __Heap_Start__ = __allot_end__
 *(.heap_mem*)
                0xd0000010                        . = ((. + 0x3) & 0xfffffffffffffffc)
                0xd0000010                        __Logic_Heap_End__ = .
                0x00000110                        . = DEFINED (Heap_Mem)?((. + 0x3) & 0xfffffffffffffffc):(__Logic_Heap_End__ + __Heap_length__)
 *fill*         0xd0000010      0x100 
                0xd0000110                        __Heap_End__ = .
                0xd0000110                        __MAX_Stack_LIMITS__ = ((. + 0x3) & 0xfffffffffffffffc)
                0xd0000110                        . = ((. + 0x3) & 0xfffffffffffffffc)
                0xd0000110                        __LMA_STACK_LIMITS__ = DEFINED (Stack_Mem)?(__initial_sp - (__Logic_Stack_Start__ - __Logic_Stack_End__)):.
                0xd0000110                        __Logic_Stack_End__ = .
 *(.stack_mem*)
                0xd0000110                        __Logic_Stack_Start__ = .
                0xd0010000                        __initial_sp = LENGTH (ram)
                0xd0000100                        PROVIDE (__Heap_length__ = 0x100)

[.flashdata]      0x0c001c00      0x400
 *(.flashdata*)
                0x00000400                        . = 0x400
 *fill*         0x0c001c00      0x400 

[.debugormode]
 *(.modeconfig*)

[.protectmode]
 *(.protectconfig*)

[.eeprom]         0x7f000000     0x1000
 *(.eeprom*)
                0x00001000                        . = 0x1000
 *fill*         0x7f000000     0x1000 

[.config1]
 *(.config1*)

[.config2]
 *(.config2*)

[.stab]           0x00000000       0x24
 *(.stab)
 .stab          0x00000000       0x24 ./debug_rom.o

[.stabstr]        0x00000000       0x5d
 *(.stabstr)
 .stabstr       0x00000000       0x5d ./debug_rom.o

[.stab.excl]
 *(.stab.excl)

[.stab.exclstr]
 *(.stab.exclstr)

[.stab.index]
 *(.stab.index)

[.stab.indexstr]
 *(.stab.indexstr)

[.comment]
 *(.comment)

[.debug]
 *(.debug)

[.line]
 *(.line)

[.debug_srcinfo]
 *(.debug_srcinfo)

[.debug_sfnames]
 *(.debug_sfnames)

[.debug_aranges]  0x00000000       0x20
 *(.debug_aranges)
 .debug_aranges
                0x00000000       0x20 ./debug_rom.o

[.debug_pubnames]
 *(.debug_pubnames)

[.debug_info]     0x00000000      0x422
 *(.debug_info .gnu.linkonce.wi.*)
 .debug_info    0x00000000      0x1b6 ./Trap_Debug_tc0.o
 .debug_info    0x000001b6       0x37 ./debug_rom.o
 .debug_info    0x000001ed       0xbf ./kf_it.o
 .debug_info    0x000002ac       0x63 ./main.o
 .debug_info    0x0000030f       0xda ./startup.o
 .debug_info    0x000003e9       0x39 ./vector.o

[.debug_abbrev]   0x00000000      0x15b
 *(.debug_abbrev)
 .debug_abbrev  0x00000000       0x29 ./Trap_Debug_tc0.o
 .debug_abbrev  0x00000029       0x28 ./debug_rom.o
 .debug_abbrev  0x00000051       0x29 ./kf_it.o
 .debug_abbrev  0x0000007a       0x4e ./main.o
 .debug_abbrev  0x000000c8       0x6c ./startup.o
 .debug_abbrev  0x00000134       0x27 ./vector.o

[.debug_line]     0x00000000      0x57d
 *(.debug_line .debug_line.* .debug_line_end)
 .debug_line    0x00000000      0x265 ./Trap_Debug_tc0.o
 .debug_line    0x00000265       0x4c ./debug_rom.o
 .debug_line    0x000002b1      0x110 ./kf_it.o
 .debug_line    0x000003c1       0x8f ./main.o
 .debug_line    0x00000450       0x9d ./startup.o
 .debug_line    0x000004ed       0x90 ./vector.o

[.debug_frame]    0x00000000      0x258
 *(.debug_frame)
 .debug_frame   0x00000000      0x164 ./Trap_Debug_tc0.o
 .debug_frame   0x00000164       0x90 ./kf_it.o
 .debug_frame   0x000001f4       0x20 ./main.o
 .debug_frame   0x00000214       0x24 ./startup.o
 .debug_frame   0x00000238       0x20 ./vector.o

[.debug_str]      0x00000000      0x364
 *(.debug_str)
 .debug_str     0x00000000      0x364 ./Trap_Debug_tc0.o
                                0x219 (size before relaxing)
 .debug_str     0x00000364       0x70 ./debug_rom.o
 .debug_str     0x00000364      0x146 ./kf_it.o
 .debug_str     0x00000364       0xcc ./main.o
 .debug_str     0x00000364      0x11f ./startup.o
 .debug_str     0x00000364       0xbd ./vector.o

[.debug_loc]      0x00000000       0x31
 *(.debug_loc)
 .debug_loc     0x00000000       0x31 ./startup.o

[.debug_macinfo]
 *(.debug_macinfo)

[.debug_weaknames]
 *(.debug_weaknames)

[.debug_funcnames]
 *(.debug_funcnames)

[.debug_typenames]
 *(.debug_typenames)

[.debug_varnames]
 *(.debug_varnames)

[.debug_pubtypes]
 *(.debug_pubtypes)

[.debug_ranges]   0x00000000       0xf8
 *(.debug_ranges)
 .debug_ranges  0x00000000       0xb0 ./Trap_Debug_tc0.o
 .debug_ranges  0x000000b0       0x48 ./kf_it.o

[.debug_macro]
 *(.debug_macro)

[.gnu.attributes]
 *(.gnu.attributes)

[/DISCARD/]
 *(.note.GNU-stack)
 *(.gnu_debuglink)
 *(.gnu.lto_*)

[.debug_types]
 *(.debug_types)
OUTPUT(_13KDebug_ROM.elf elf32-kungfu32-little)
